
> vite_react_shadcn_ts@0.0.0 build
> vite build

[36mvite v5.4.19 [32mbuilding for production...[36m[39m
transforming...
node.exe : Browserslist: 
browsers data 
(caniuse-lite) is 10 
months old. Please run:
At line:1 char:1
+ & "C:\Program 
Files\nodejs/node.exe" "C:
\Users\Dipesh\AppData\Roam
ing ...
+ ~~~~~~~~~~~~~~~~~~~~~~~~
~~~~~~~~~~~~~~~~~~~~~~~~~~
~~~~~~~~~~~~~~~~~~~
    + CategoryInfo        
      : NotSpecified: (B  
  rowserslist: b...ld.    
 Please run::String) [    
], RemoteException
    + FullyQualifiedError 
   Id : NativeCommandErr  
  or
 
  npx update-browserslist-
db@latest
  Why you should do it 
regularly: https://github.
com/browserslist/update-db
#readme
[32mΓ£ô[39m 1591 modules transformed.
[31mx[39m Build failed 
in 1.63s
[31merror during build:
[31m[vite:esbuild] 
Transform failed with 1 
error:
C:/Users/Dipesh/OneDrive/D
esktop/Hackathons/AI_Sprin
t/src/stores/councilStore.
ts:92:37: ERROR: "await" 
can only be used inside 
an "async" function[31m
file: [36mC:/Users/Dipesh
/OneDrive/Desktop/Hackatho
ns/AI_Sprint/src/stores/co
uncilStore.ts:92:37[31m
[33m
[33m"await" can only be 
used inside an "async" 
function[33m
90 |          
91 |          // Push to 
pipeline directly, 
honoring autoLayout if 
true
92 |          const { 
useWorkflowStore } = 
await 
import('./workflowStore');
   |                      
                 ^
93 |          const { 
useSettingsStore } = 
await 
import('./settingsStore');
94 |          const 
autoLayout = useSettingsSt
ore.getState().autoLayout;
[31m
    at 
failureErrorWithLog (C:\Us
ers\Dipesh\OneDrive\Deskto
p\Hackathons\AI_Sprint\nod
e_modules\esbuild\lib\main
.js:1472:15)
    at C:\Users\Dipesh\One
Drive\Desktop\Hackathons\A
I_Sprint\node_modules\esbu
ild\lib\main.js:755:50
    at responseCallbacks.<
computed> (C:\Users\Dipesh
\OneDrive\Desktop\Hackatho
ns\AI_Sprint\node_modules\
esbuild\lib\main.js:622:9)
    at 
handleIncomingPacket (C:\U
sers\Dipesh\OneDrive\Deskt
op\Hackathons\AI_Sprint\no
de_modules\esbuild\lib\mai
n.js:677:12)
    at 
Socket.readFromStdout (C:\
Users\Dipesh\OneDrive\Desk
top\Hackathons\AI_Sprint\n
ode_modules\esbuild\lib\ma
in.js:600:7)
    at Socket.emit 
(node:events:508:28)
    at addChunk (node:inte
rnal/streams/readable:563:
12)
    at readableAddChunkPus
hByteMode (node:internal/s
treams/readable:514:3)
    at Readable.push (node
:internal/streams/readable
:394:5)
    at Pipe.onStreamRead (
node:internal/stream_base_
commons:189:23)[39m
